[tutorial.iptvmn.ca/index.html]
[static.gitbook.com/_next/static/css/d8ee58b4c18e8f97.css]
[static.gitbook.com/_next/static/css/ef37bb7b24bfe0d4.css]
[static.gitbook.com/_next/static/css/3e88f7d072655114.css]
[static.gitbook.com/_next/static/css/c311d6484335995a.css]
[static.gitbook.com/_next/static/css/948a4dad6f86b076.css]
[static.gitbook.com/_next/static/css/7235fa9d119901d4.css]
[static.gitbook.com/_next/static/css/86d6274f3e6d760c.css]
[static.gitbook.com/_next/static/css/22de5ebb4bb9d8a7.css]
[static.gitbook.com/_next/static/css/00f317031ba0dc0e.css]
[static.gitbook.com/_next/static/css/0f891de5863d7182.css]
[static.gitbook.com/_next/static/chunks/webpack-722b29ffc4494088.js]
[static.gitbook.com/_next/static/chunks/1dd3208c-89f4beb5fcc5eacd.js]
[static.gitbook.com/_next/static/chunks/9978-fdde47850d2cdae7.js]
[static.gitbook.com/_next/static/chunks/main-app-7a39e8944a1a377c.js]
[static.gitbook.com/_next/static/chunks/app/global-error-7b67d678bf098a52.js]
[static.gitbook.com/_next/static/chunks/b5d5b83b-1f920672d62c5500.js]
[static.gitbook.com/_next/static/chunks/655-7fde3070ca8eca63.js]
[static.gitbook.com/_next/static/chunks/app/(site)/layout-93183bd2744efc52.js]
[static.gitbook.com/_next/static/chunks/5860-6a0a34e1f16870e1.js]
[static.gitbook.com/_next/static/chunks/5579-d5bbcfe5159dd700.js]
[static.gitbook.com/_next/static/chunks/8146-f6230584f5872f71.js]
[static.gitbook.com/_next/static/chunks/985-42bff2b2a9e2968c.js]
[static.gitbook.com/_next/static/chunks/app/(site)/error-cd1c4bcbb5ecfd64.js]
[static.gitbook.com/_next/static/chunks/1281-48894d8965bd5587.js]
[static.gitbook.com/_next/static/chunks/5458-66e2d52dd3e63bda.js]
[static.gitbook.com/_next/static/chunks/95-368c0a9d707cd4e9.js]
[static.gitbook.com/_next/static/chunks/7695-582c3f477fe1db82.js]
[static.gitbook.com/_next/static/chunks/559-c0443086de7e1430.js]
[static.gitbook.com/_next/static/chunks/app/(site)/(content)/layout-78945a5179bb2edf.js]
[static.gitbook.com/_next/static/chunks/6150-57a79db9099e4be8.js]
[static.gitbook.com/_next/static/chunks/8510-bc610709251ae535.js]
[static.gitbook.com/_next/static/chunks/8843-28c5ce936a8ba541.js]
[static.gitbook.com/_next/static/chunks/9028-fca66c729be6e1c7.js]
[backblue.gif]
[fade.gif]
[index.html]
[static.gitbook.com/_next/static/chunks/app/(site)/(content)/[[...pathname]]/page-024de54a4fcb5409.js]
[2014254686-files.gitbook.io/_/files/v0/b/gitbook-x-prod.appspot.com/o/spaces/zRCe13NHhHzjre3cBVmq/icon/eC9WqlMudgBLANlaVtS0/logo-png-Copy (1) (1)a7ea.png]
[static.gitbook.com/_next/static/chunks/polyfills-42372ed130431b0a.js]
[tutorial.iptvmn.ca/_gitbook/imageec76.png]
[tutorial.iptvmn.ca/mag-box/seteup-iptv-on-mag-box.html]
[tutorial.iptvmn.ca/firestick-android-and-ios/firestick-quick-methods.html]
[tutorial.iptvmn.ca/firestick-android-and-ios/iptv-smarters-pro-install-on-firestick-android-and-ios-2023.html]
[tutorial.iptvmn.ca/avov-tv-online/avov-tv-online-setup-guide.html]
[tutorial.iptvmn.ca/dreamlink-t1-.-t1+-t6/setup-iptv-on-dreamlink-t1.html]
[tutorial.iptvmn.ca/samsung-lg-tv/how-to-install-iptv-smarters-pro-on-smart-tv-samsung-lg.html]
[tutorial.iptvmn.ca/windows/how-to-install-iptv-smarters-pro-on-windows.html]
[tutorial.iptvmn.ca/android-with-xciptv/how-to-setup-iptv-on-android-with-xciptv-player-app.html]
[tutorial.iptvmn.ca/apple-ios/setup-iptv-on-apple-ios-with-smarters-player-lite.html]
[tutorial.iptvmn.ca/nvidia-shield/how-to-download-iptv-on-nvidia-shield.html]
[tutorial.iptvmn.ca/google-tv/how-to-install-iptv-google-tv.html]
[tutorial.iptvmn.ca/installation-tutorial.html]
[tutorial.iptvmn.ca/rocket-loader.min.html]
[2014254686-files.gitbook.io/_/files/v0/b/gitbook-x-prod.appspot.com/o/spaces/zRCe13NHhHzjre3cBVmq/icon/eC9WqlMudgBLANlaVtS0/logo-png-Copy (1) (1)68cf.png]
[tutorial.iptvmn.ca/index.html]
[static.gitbook.com/_next/static/css/d8ee58b4c18e8f97.css]
[static.gitbook.com/_next/static/css/ef37bb7b24bfe0d4.css]
[static.gitbook.com/_next/static/css/3e88f7d072655114.css]
[static.gitbook.com/_next/static/css/c311d6484335995a.css]
[static.gitbook.com/_next/static/css/948a4dad6f86b076.css]
[static.gitbook.com/_next/static/css/7235fa9d119901d4.css]
[static.gitbook.com/_next/static/css/86d6274f3e6d760c.css]
[static.gitbook.com/_next/static/css/22de5ebb4bb9d8a7.css]
[static.gitbook.com/_next/static/css/00f317031ba0dc0e.css]
[static.gitbook.com/_next/static/css/0f891de5863d7182.css]
[tutorial.iptvmn.ca/mag-box.html]
[tutorial.iptvmn.ca/mag-box/rocket-loader.min.html]
[tutorial.iptvmn.ca/mag-box/seteup-iptv-on-mag-box.html]
[cdn.iframe.ly/embed.js]
[tutorial.iptvmn.ca/firestick-android-and-ios.html]
[tutorial.iptvmn.ca/firestick-android-and-ios/firestick-quick-methods.html]
[tutorial.iptvmn.ca/firestick-android-and-ios/rocket-loader.min.html]
[tutorial.iptvmn.ca/firestick-android-and-ios/iptv-smarters-pro-install-on-firestick-android-and-ios-2023.html]
[tutorial.iptvmn.ca/firestick-android-and-ios/NHhHzjre3cBVmq/icon/eC9WqlMudgBLANlaVtS0/logo-png-Copy (1) (1)68cf.html]
[tutorial.iptvmn.ca/avov-tv-online.html]
[tutorial.iptvmn.ca/avov-tv-online/avov-tv-online-setup-guide.html]
[tutorial.iptvmn.ca/avov-tv-online/rocket-loader.min.html]
[tutorial.iptvmn.ca/dreamlink-t1-.html]
[tutorial.iptvmn.ca/dreamlink-t1-.-t1+-t6/rocket-loader.min.html]
[tutorial.iptvmn.ca/dreamlink-t1-.-t1+-t6/setup-iptv-on-dreamlink-t1.html]
[tutorial.iptvmn.ca/dreamlink-t1-.-t1+-t6/2FzRCe13NHhHzjre3cBVmq/icon/eC9WqlMudgBLANlaVtS0/logo-png-Copy (1) (1)68cf.html]
[tutorial.iptvmn.ca/samsung-lg-tv.html]
[tutorial.iptvmn.ca/samsung-lg-tv/how-to-install-iptv-smarters-pro-on-smart-tv-samsung-lg.html]
[tutorial.iptvmn.ca/samsung-lg-tv/rocket-loader.min.html]
[tutorial.iptvmn.ca/windows.html]
[tutorial.iptvmn.ca/windows/how-to-install-iptv-smarters-pro-on-windows.html]
[tutorial.iptvmn.ca/windows/rocket-loader.min.html]
[tutorial.iptvmn.ca/android-with-xciptv.html]
[tutorial.iptvmn.ca/android-with-xciptv/rocket-loader.min.html]
[tutorial.iptvmn.ca/android-with-xciptv/how-to-setup-iptv-on-android-with-xciptv-player-app.html]
[tutorial.iptvmn.ca/apple-ios.html]
[tutorial.iptvmn.ca/apple-ios/rocket-loader.min.html]
[tutorial.iptvmn.ca/apple-ios/setup-iptv-on-apple-ios-with-smarters-player-lite.html]
[tutorial.iptvmn.ca/nvidia-shield.html]
[tutorial.iptvmn.ca/nvidia-shield/rocket-loader.min.html]
[tutorial.iptvmn.ca/nvidia-shield/how-to-download-iptv-on-nvidia-shield.html]
[tutorial.iptvmn.ca/google-tv.html]
[tutorial.iptvmn.ca/google-tv/rocket-loader.min.html]
[tutorial.iptvmn.ca/google-tv/how-to-install-iptv-google-tv.html]
[tutorial.iptvmn.ca/installation-tutorial.html]
[tutorial.iptvmn.ca/rocket-loader.min.html]
[tutorial.iptvmn.ca/_gitbook/image4e58.png]
[tutorial.iptvmn.ca/mag-box.html]
[tutorial.iptvmn.ca/mag-box/rocket-loader.min.html]
[docs.moviespacetv.com/_gitbook/image0b8e]
[docs.moviespacetv.com/_gitbook/imagefb2d]
[docs.moviespacetv.com/_gitbook/image4a0a]
[docs.moviespacetv.com/_gitbook/imageb5f0]
[docs.moviespacetv.com/_gitbook/image9ac4]
[tutorial.iptvmn.ca/firestick-android-and-ios.html]
[tutorial.iptvmn.ca/firestick-android-and-ios/rocket-loader.min.html]
[tutorial.iptvmn.ca/firestick-android-and-ios/NHhHzjre3cBVmq/icon/eC9WqlMudgBLANlaVtS0/logo-png-Copy (1) (1)68cf.html]
[tutorial.iptvmn.ca/avov-tv-online.html]
[tutorial.iptvmn.ca/avov-tv-online/rocket-loader.min.html]
[tutorial.iptvmn.ca/dreamlink-t1-.html]
[tutorial.iptvmn.ca/dreamlink-t1-.-t1+-t6/rocket-loader.min.html]
[tutorial.iptvmn.ca/dreamlink-t1-.-t1+-t6/2FzRCe13NHhHzjre3cBVmq/icon/eC9WqlMudgBLANlaVtS0/logo-png-Copy (1) (1)68cf.html]
[tutorial.iptvmn.ca/samsung-lg-tv.html]
[tutorial.iptvmn.ca/samsung-lg-tv/rocket-loader.min.html]
[tutorial.iptvmn.ca/windows.html]
[tutorial.iptvmn.ca/windows/rocket-loader.min.html]
[tutorial.iptvmn.ca/android-with-xciptv.html]
[tutorial.iptvmn.ca/android-with-xciptv/rocket-loader.min.html]
[docs.moviespacetv.com/_gitbook/image1576]
[docs.moviespacetv.com/_gitbook/image6de5]
[docs.moviespacetv.com/_gitbook/image9d2d]
[tutorial.iptvmn.ca/apple-ios.html]
[tutorial.iptvmn.ca/apple-ios/rocket-loader.min.html]
[docs.moviespacetv.com/_gitbook/image279b]
[docs.moviespacetv.com/_gitbook/image3b80]
[tutorial.iptvmn.ca/nvidia-shield.html]
[tutorial.iptvmn.ca/nvidia-shield/rocket-loader.min.html]
[docs.moviespacetv.com/_gitbook/image93c6]
[docs.moviespacetv.com/_gitbook/imagec8e8]
[docs.moviespacetv.com/_gitbook/image824f]
[docs.moviespacetv.com/_gitbook/imagee4c2]
[docs.moviespacetv.com/_gitbook/image8552]
[docs.moviespacetv.com/_gitbook/imageaccf]
[docs.moviespacetv.com/_gitbook/image53a9]
[docs.moviespacetv.com/_gitbook/imageaff5]
[tutorial.iptvmn.ca/google-tv.html]
[tutorial.iptvmn.ca/google-tv/rocket-loader.min.html]
[docs.moviespacetv.com/_gitbook/image9b34]
[docs.moviespacetv.com/_gitbook/image7957]
[docs.moviespacetv.com/_gitbook/imagea6d0]
[docs.moviespacetv.com/_gitbook/image958b]
